// Jest Snapshot v1, https://goo.gl/fbAQLP

exports[`expect to render CardList component 1`] = `
"<div className=\\"robotsContainer\\">
  <Card id={1} name=\\"John Snow\\" email=\\"john@gmail.com\\" imgUrl=\\"https://robohash.org/AGP.png?set=set4\\" />
</div>"
`;
