// Jest Snapshot v1, https://goo.gl/fbAQLP

exports[`render without crashing 1`] = `
<div
  className="container"
>
  <h1
    className="text-center"
  >
    RoboFriends
  </h1>
  <SearchBox />
  <Scroll>
    <ErrorBoundry>
      <CardList
        robots={Array []}
      />
    </ErrorBoundry>
  </Scroll>
</div>
`;
